device: cuda
baseline (predict mean) energy MAE: 4.723
epoch   5  loss 14.695  val E MAE 4.239  F MAE 8.677  (13.3s/epoch)
epoch  10  loss 6.503  val E MAE 6.501  F MAE 3.744  (13.2s/epoch)
epoch  15  loss 5.832  val E MAE 10.556  F MAE 3.210  (13.3s/epoch)
epoch  20  loss 5.421  val E MAE 1.789  F MAE 3.419  (13.3s/epoch)
epoch  25  loss 5.347  val E MAE 1.555  F MAE 2.556  (13.3s/epoch)
epoch  30  loss 5.488  val E MAE 3.627  F MAE 2.526  (21.5s/epoch)
epoch  35  loss 5.792  val E MAE 9.627  F MAE 2.034  (41.4s/epoch)
epoch  40  loss 3.525  val E MAE 1.428  F MAE 2.229  (21.4s/epoch)
epoch  45  loss 3.439  val E MAE 5.142  F MAE 1.794  (21.5s/epoch)
epoch  50  loss 4.718  val E MAE 1.030  F MAE 1.945  (44.3s/epoch)
epoch  55  loss 3.052  val E MAE 5.223  F MAE 1.662  (21.5s/epoch)
epoch  60  loss 3.835  val E MAE 1.944  F MAE 2.308  (21.5s/epoch)
epoch  65  loss 3.704  val E MAE 3.524  F MAE 1.792  (21.5s/epoch)
epoch  70  loss 2.860  val E MAE 1.238  F MAE 1.690  (21.6s/epoch)
epoch  75  loss 2.698  val E MAE 3.699  F MAE 1.652  (21.5s/epoch)
epoch  80  loss 3.141  val E MAE 4.476  F MAE 1.509  (21.6s/epoch)
epoch  85  loss 2.379  val E MAE 2.522  F MAE 1.443  (21.5s/epoch)
epoch  90  loss 3.472  val E MAE 0.951  F MAE 1.472  (21.5s/epoch)
epoch  95  loss 2.985  val E MAE 1.551  F MAE 1.704  (21.6s/epoch)
epoch 100  loss 2.573  val E MAE 2.626  F MAE 1.470  (13.3s/epoch)
epoch 105  loss 2.922  val E MAE 2.599  F MAE 1.647  (13.3s/epoch)
epoch 110  loss 3.180  val E MAE 1.939  F MAE 1.449  (13.3s/epoch)
epoch 115  loss 2.384  val E MAE 4.525  F MAE 1.419  (13.3s/epoch)
epoch 120  loss 2.395  val E MAE 1.041  F MAE 1.303  (13.3s/epoch)
epoch 125  loss 2.784  val E MAE 1.360  F MAE 1.536  (13.3s/epoch)
epoch 130  loss 2.247  val E MAE 0.704  F MAE 1.308  (13.3s/epoch)
epoch 135  loss 2.577  val E MAE 7.832  F MAE 1.217  (13.3s/epoch)
epoch 140  loss 2.321  val E MAE 5.761  F MAE 1.276  (13.2s/epoch)
epoch 145  loss 1.965  val E MAE 3.208  F MAE 1.242  (13.3s/epoch)
epoch 150  loss 2.696  val E MAE 4.694  F MAE 1.161  (13.3s/epoch)
epoch 155  loss 1.994  val E MAE 1.800  F MAE 1.127  (13.3s/epoch)
epoch 160  loss 2.001  val E MAE 1.424  F MAE 1.064  (13.3s/epoch)
epoch 165  loss 1.808  val E MAE 0.570  F MAE 1.111  (13.3s/epoch)
epoch 170  loss 2.143  val E MAE 2.946  F MAE 1.167  (13.3s/epoch)
epoch 175  loss 1.567  val E MAE 1.262  F MAE 1.000  (13.3s/epoch)
epoch 180  loss 1.946  val E MAE 1.761  F MAE 0.981  (13.3s/epoch)
epoch 185  loss 1.338  val E MAE 3.063  F MAE 1.039  (13.3s/epoch)
epoch 190  loss 2.105  val E MAE 6.518  F MAE 1.013  (13.3s/epoch)
epoch 195  loss 1.539  val E MAE 0.675  F MAE 1.018  (13.3s/epoch)
epoch 200  loss 1.470  val E MAE 0.972  F MAE 0.968  (13.3s/epoch)
epoch 205  loss 1.293  val E MAE 2.542  F MAE 0.935  (13.3s/epoch)
epoch 210  loss 1.351  val E MAE 1.299  F MAE 0.950  (13.3s/epoch)
epoch 215  loss 1.668  val E MAE 0.805  F MAE 0.900  (13.3s/epoch)
epoch 220  loss 1.791  val E MAE 0.848  F MAE 0.921  (13.3s/epoch)
epoch 225  loss 1.315  val E MAE 0.898  F MAE 0.883  (13.3s/epoch)
epoch 230  loss 1.246  val E MAE 0.805  F MAE 0.873  (24.0s/epoch)
epoch 235  loss 1.133  val E MAE 1.058  F MAE 0.859  (13.3s/epoch)
epoch 240  loss 1.023  val E MAE 0.579  F MAE 0.868  (13.3s/epoch)
epoch 245  loss 1.137  val E MAE 0.708  F MAE 0.872  (13.3s/epoch)
epoch 250  loss 1.251  val E MAE 0.905  F MAE 0.866  (13.3s/epoch)
epoch 255  loss 1.106  val E MAE 0.574  F MAE 0.846  (13.3s/epoch)
epoch 260  loss 1.118  val E MAE 0.449  F MAE 0.843  (13.3s/epoch)
epoch 265  loss 1.114  val E MAE 0.373  F MAE 0.834  (13.3s/epoch)
epoch 270  loss 1.234  val E MAE 0.756  F MAE 0.827  (13.3s/epoch)
epoch 275  loss 1.002  val E MAE 0.370  F MAE 0.824  (13.3s/epoch)
epoch 280  loss 0.926  val E MAE 0.365  F MAE 0.823  (13.4s/epoch)
epoch 285  loss 1.158  val E MAE 0.372  F MAE 0.822  (13.3s/epoch)
epoch 290  loss 1.024  val E MAE 0.365  F MAE 0.820  (13.3s/epoch)
epoch 295  loss 1.080  val E MAE 0.365  F MAE 0.820  (51.0s/epoch)
epoch 300  loss 1.235  val E MAE 0.361  F MAE 0.819  (13.3s/epoch)

same weights, different inference frames (E MAE, F MAE, |dE| under random E(3) move):
  none   2.541  3.600  8.9e+00
  sfa    1.955  2.449  6.5e+00
  canon  0.361  0.819  2.1e-04
  soft   0.366  0.839  1.8e-04
  full   1.526  1.940  2.0e-04
