device: cuda
baseline (predict mean) energy MAE: 4.885
epoch   5  loss 34.748  val E MAE 4.684  F MAE 20.842  (0.7s/epoch)
epoch  10  loss 32.688  val E MAE 4.669  F MAE 20.841  (0.7s/epoch)
epoch  15  loss 32.284  val E MAE 4.666  F MAE 20.725  (2.5s/epoch)
epoch  20  loss 33.927  val E MAE 4.624  F MAE 19.378  (4.0s/epoch)
epoch  25  loss 28.322  val E MAE 4.281  F MAE 18.729  (4.0s/epoch)
epoch  30  loss 29.627  val E MAE 4.257  F MAE 18.485  (4.0s/epoch)
epoch  35  loss 31.299  val E MAE 4.450  F MAE 18.197  (4.0s/epoch)
epoch  40  loss 30.782  val E MAE 4.142  F MAE 18.094  (4.0s/epoch)
epoch  45  loss 30.595  val E MAE 4.222  F MAE 18.096  (4.0s/epoch)
epoch  50  loss 33.952  val E MAE 4.545  F MAE 18.024  (4.0s/epoch)
epoch  55  loss 27.807  val E MAE 4.002  F MAE 18.002  (4.0s/epoch)
epoch  60  loss 30.898  val E MAE 3.882  F MAE 17.982  (4.0s/epoch)
epoch  65  loss 31.521  val E MAE 4.328  F MAE 18.044  (4.0s/epoch)
epoch  70  loss 29.455  val E MAE 3.891  F MAE 17.954  (4.0s/epoch)
epoch  75  loss 28.757  val E MAE 4.197  F MAE 17.946  (4.0s/epoch)
epoch  80  loss 26.987  val E MAE 4.089  F MAE 17.963  (4.0s/epoch)
epoch  85  loss 28.750  val E MAE 3.896  F MAE 17.969  (4.0s/epoch)
epoch  90  loss 29.673  val E MAE 3.817  F MAE 18.005  (4.0s/epoch)
epoch  95  loss 29.517  val E MAE 3.830  F MAE 17.934  (4.0s/epoch)
epoch 100  loss 28.528  val E MAE 4.130  F MAE 17.958  (4.0s/epoch)
epoch 105  loss 25.905  val E MAE 3.675  F MAE 18.006  (4.0s/epoch)
epoch 110  loss 28.796  val E MAE 3.772  F MAE 17.991  (4.0s/epoch)
epoch 115  loss 30.279  val E MAE 3.704  F MAE 17.980  (4.0s/epoch)
epoch 120  loss 27.537  val E MAE 3.664  F MAE 17.996  (4.0s/epoch)
epoch 125  loss 32.279  val E MAE 3.661  F MAE 18.040  (4.0s/epoch)
epoch 130  loss 27.869  val E MAE 3.742  F MAE 18.038  (4.0s/epoch)
epoch 135  loss 27.068  val E MAE 3.734  F MAE 18.021  (4.0s/epoch)
epoch 140  loss 27.942  val E MAE 3.656  F MAE 18.081  (4.0s/epoch)
epoch 145  loss 27.581  val E MAE 3.654  F MAE 18.052  (4.0s/epoch)
epoch 150  loss 30.786  val E MAE 3.633  F MAE 18.060  (4.0s/epoch)
epoch 155  loss 26.455  val E MAE 3.783  F MAE 18.034  (4.0s/epoch)
epoch 160  loss 27.529  val E MAE 3.578  F MAE 18.066  (4.0s/epoch)
epoch 165  loss 28.255  val E MAE 3.605  F MAE 18.080  (4.0s/epoch)
epoch 170  loss 28.148  val E MAE 3.630  F MAE 18.103  (4.0s/epoch)
epoch 175  loss 28.518  val E MAE 3.654  F MAE 18.111  (4.0s/epoch)
epoch 180  loss 29.846  val E MAE 3.640  F MAE 18.109  (4.0s/epoch)
epoch 185  loss 29.713  val E MAE 3.625  F MAE 18.111  (4.0s/epoch)
epoch 190  loss 25.578  val E MAE 3.576  F MAE 18.136  (4.0s/epoch)
epoch 195  loss 27.997  val E MAE 3.684  F MAE 18.162  (4.0s/epoch)
epoch 200  loss 27.188  val E MAE 3.537  F MAE 18.113  (4.0s/epoch)
epoch 205  loss 25.422  val E MAE 3.519  F MAE 18.105  (4.0s/epoch)
epoch 210  loss 28.837  val E MAE 3.556  F MAE 18.170  (4.0s/epoch)
epoch 215  loss 24.232  val E MAE 3.548  F MAE 18.176  (4.0s/epoch)
