device: cuda
baseline (predict mean) energy MAE: 4.885
epoch   5  loss 35.038  val E MAE 4.698  F MAE 20.841  (1.4s/epoch)
epoch  10  loss 18.409  val E MAE 8.974  F MAE 10.839  (1.4s/epoch)
epoch  15  loss 13.591  val E MAE 4.905  F MAE 8.273  (1.4s/epoch)
epoch  20  loss 12.482  val E MAE 3.209  F MAE 7.101  (1.5s/epoch)
epoch  25  loss 10.368  val E MAE 4.162  F MAE 6.507  (1.9s/epoch)
epoch  30  loss 11.175  val E MAE 6.266  F MAE 5.433  (1.9s/epoch)
epoch  35  loss 8.370  val E MAE 3.058  F MAE 4.841  (1.9s/epoch)
epoch  40  loss 6.623  val E MAE 5.768  F MAE 4.256  (1.7s/epoch)
epoch  45  loss 6.687  val E MAE 8.446  F MAE 4.298  (1.4s/epoch)
epoch  50  loss 6.281  val E MAE 6.383  F MAE 3.676  (1.4s/epoch)
epoch  55  loss 7.312  val E MAE 4.962  F MAE 4.352  (1.4s/epoch)
epoch  60  loss 5.957  val E MAE 1.836  F MAE 3.815  (1.4s/epoch)
epoch  65  loss 5.640  val E MAE 2.437  F MAE 3.449  (1.4s/epoch)
epoch  70  loss 6.183  val E MAE 3.829  F MAE 3.464  (1.4s/epoch)
epoch  75  loss 5.118  val E MAE 3.158  F MAE 3.446  (1.4s/epoch)
epoch  80  loss 5.180  val E MAE 5.248  F MAE 3.043  (1.4s/epoch)
epoch  85  loss 4.142  val E MAE 8.265  F MAE 2.845  (1.4s/epoch)
epoch  90  loss 5.466  val E MAE 6.877  F MAE 2.968  (1.4s/epoch)
epoch  95  loss 4.399  val E MAE 6.412  F MAE 2.563  (1.4s/epoch)
epoch 100  loss 4.872  val E MAE 2.683  F MAE 2.905  (1.4s/epoch)
epoch 105  loss 4.056  val E MAE 3.174  F MAE 2.434  (1.4s/epoch)
epoch 110  loss 3.840  val E MAE 4.830  F MAE 2.381  (1.4s/epoch)
epoch 115  loss 4.733  val E MAE 6.317  F MAE 3.080  (1.4s/epoch)
epoch 120  loss 3.873  val E MAE 3.248  F MAE 2.409  (1.4s/epoch)
epoch 125  loss 3.910  val E MAE 3.296  F MAE 2.324  (1.4s/epoch)
epoch 130  loss 3.715  val E MAE 3.603  F MAE 2.330  (1.4s/epoch)
epoch 135  loss 3.389  val E MAE 4.187  F MAE 2.367  (1.4s/epoch)
epoch 140  loss 3.669  val E MAE 4.338  F MAE 2.249  (1.5s/epoch)
epoch 145  loss 4.570  val E MAE 1.719  F MAE 3.036  (1.4s/epoch)
epoch 150  loss 3.481  val E MAE 3.738  F MAE 2.334  (1.4s/epoch)
epoch 155  loss 3.896  val E MAE 1.199  F MAE 2.561  (1.4s/epoch)
epoch 160  loss 3.616  val E MAE 1.220  F MAE 2.369  (1.4s/epoch)
epoch 165  loss 2.985  val E MAE 4.562  F MAE 2.229  (1.5s/epoch)
epoch 170  loss 3.821  val E MAE 4.989  F MAE 2.099  (1.5s/epoch)
epoch 175  loss 3.218  val E MAE 6.489  F MAE 2.384  (1.4s/epoch)
epoch 180  loss 3.259  val E MAE 3.228  F MAE 2.074  (1.4s/epoch)
epoch 185  loss 3.267  val E MAE 1.886  F MAE 2.144  (1.4s/epoch)
epoch 190  loss 3.076  val E MAE 2.656  F MAE 2.216  (1.4s/epoch)
epoch 195  loss 4.443  val E MAE 3.781  F MAE 2.771  (1.5s/epoch)
epoch 200  loss 2.823  val E MAE 1.061  F MAE 2.083  (1.4s/epoch)
epoch 205  loss 4.121  val E MAE 10.157  F MAE 2.549  (1.4s/epoch)
epoch 210  loss 2.987  val E MAE 3.137  F MAE 2.064  (1.5s/epoch)
epoch 215  loss 3.461  val E MAE 5.381  F MAE 2.217  (1.4s/epoch)
epoch 220  loss 2.547  val E MAE 3.955  F MAE 1.993  (1.4s/epoch)
epoch 225  loss 2.988  val E MAE 2.474  F MAE 2.206  (1.5s/epoch)
epoch 230  loss 3.103  val E MAE 2.101  F MAE 1.940  (1.4s/epoch)
epoch 235  loss 3.015  val E MAE 1.061  F MAE 2.069  (1.4s/epoch)
epoch 240  loss 2.910  val E MAE 1.071  F MAE 2.187  (1.4s/epoch)
epoch 245  loss 2.429  val E MAE 2.656  F MAE 2.072  (1.4s/epoch)
epoch 250  loss 2.721  val E MAE 1.134  F MAE 2.217  (1.4s/epoch)
epoch 255  loss 2.584  val E MAE 3.110  F MAE 1.937  (1.4s/epoch)
epoch 260  loss 2.996  val E MAE 2.672  F MAE 2.019  (1.5s/epoch)
epoch 265  loss 3.316  val E MAE 11.155  F MAE 2.053  (1.4s/epoch)
epoch 270  loss 3.021  val E MAE 3.328  F MAE 1.929  (1.4s/epoch)
epoch 275  loss 2.435  val E MAE 2.545  F MAE 1.823  (1.4s/epoch)
epoch 280  loss 2.367  val E MAE 1.849  F MAE 1.945  (1.5s/epoch)
epoch 285  loss 2.478  val E MAE 1.350  F MAE 1.929  (1.4s/epoch)
epoch 290  loss 2.218  val E MAE 2.365  F MAE 1.812  (1.5s/epoch)
epoch 295  loss 2.944  val E MAE 3.058  F MAE 1.829  (1.4s/epoch)
epoch 300  loss 2.129  val E MAE 1.033  F MAE 1.805  (1.4s/epoch)
epoch 305  loss 2.033  val E MAE 1.879  F MAE 1.996  (1.4s/epoch)
epoch 310  loss 2.233  val E MAE 2.889  F MAE 1.913  (1.4s/epoch)
epoch 315  loss 2.972  val E MAE 4.087  F MAE 1.830  (1.4s/epoch)
epoch 320  loss 2.333  val E MAE 1.477  F MAE 1.978  (1.4s/epoch)
epoch 325  loss 2.390  val E MAE 1.455  F MAE 1.814  (1.4s/epoch)
epoch 330  loss 2.063  val E MAE 1.640  F MAE 1.776  (1.4s/epoch)
epoch 335  loss 1.877  val E MAE 2.770  F MAE 1.775  (1.4s/epoch)
epoch 340  loss 1.703  val E MAE 1.131  F MAE 1.773  (1.4s/epoch)
epoch 345  loss 2.345  val E MAE 1.019  F MAE 1.790  (1.4s/epoch)
epoch 350  loss 1.574  val E MAE 0.939  F MAE 1.760  (1.4s/epoch)
epoch 355  loss 1.814  val E MAE 0.764  F MAE 1.827  (1.4s/epoch)
epoch 360  loss 1.725  val E MAE 0.774  F MAE 1.777  (1.4s/epoch)
epoch 365  loss 1.877  val E MAE 1.720  F MAE 1.784  (1.4s/epoch)
epoch 370  loss 1.877  val E MAE 1.042  F MAE 1.787  (1.4s/epoch)
epoch 375  loss 1.758  val E MAE 1.624  F MAE 1.735  (1.4s/epoch)
epoch 380  loss 1.824  val E MAE 0.796  F MAE 1.740  (1.4s/epoch)
epoch 385  loss 1.718  val E MAE 0.928  F MAE 1.739  (1.4s/epoch)
epoch 390  loss 1.574  val E MAE 1.052  F MAE 1.727  (1.5s/epoch)
epoch 395  loss 1.436  val E MAE 0.833  F MAE 1.720  (1.4s/epoch)
epoch 400  loss 1.614  val E MAE 1.369  F MAE 1.740  (1.5s/epoch)
epoch 405  loss 1.440  val E MAE 0.761  F MAE 1.737  (1.4s/epoch)
epoch 410  loss 1.677  val E MAE 0.804  F MAE 1.721  (1.4s/epoch)
epoch 415  loss 1.757  val E MAE 0.914  F MAE 1.732  (1.4s/epoch)
epoch 420  loss 1.532  val E MAE 1.290  F MAE 1.731  (1.5s/epoch)
epoch 425  loss 1.565  val E MAE 0.692  F MAE 1.726  (1.4s/epoch)
epoch 430  loss 1.464  val E MAE 0.920  F MAE 1.726  (1.4s/epoch)
epoch 435  loss 1.494  val E MAE 0.997  F MAE 1.718  (1.4s/epoch)
epoch 440  loss 1.373  val E MAE 0.792  F MAE 1.716  (1.4s/epoch)
epoch 445  loss 1.294  val E MAE 0.688  F MAE 1.717  (1.4s/epoch)
epoch 450  loss 1.671  val E MAE 0.705  F MAE 1.716  (1.4s/epoch)
epoch 455  loss 1.410  val E MAE 0.726  F MAE 1.715  (1.4s/epoch)
epoch 460  loss 1.390  val E MAE 0.683  F MAE 1.714  (1.4s/epoch)
epoch 465  loss 1.661  val E MAE 0.673  F MAE 1.714  (1.5s/epoch)
epoch 470  loss 1.357  val E MAE 0.677  F MAE 1.714  (1.4s/epoch)
epoch 475  loss 1.214  val E MAE 0.672  F MAE 1.713  (1.4s/epoch)
epoch 480  loss 1.521  val E MAE 0.692  F MAE 1.713  (1.5s/epoch)
epoch 485  loss 1.191  val E MAE 0.675  F MAE 1.713  (1.4s/epoch)
epoch 490  loss 1.184  val E MAE 0.677  F MAE 1.713  (1.4s/epoch)
epoch 495  loss 1.289  val E MAE 0.674  F MAE 1.713  (1.4s/epoch)
epoch 500  loss 1.365  val E MAE 0.675  F MAE 1.713  (1.4s/epoch)

same weights, different inference frames (E MAE, F MAE, |dE| under random E(3) move):
  none   5.309  3.335  8.5e+00
  sfa    1.418  2.584  5.0e+00
  canon  0.675  1.713  2.3e-04
  full   1.102  2.192  1.7e-04

[exited with code 0]
