device: cuda
baseline (predict mean) energy MAE: 4.885
epoch   5  loss 34.528  val E MAE 4.670  F MAE 20.842  (0.5s/epoch)
epoch  10  loss 32.686  val E MAE 4.669  F MAE 20.841  (0.5s/epoch)
epoch  15  loss 31.475  val E MAE 4.750  F MAE 20.273  (0.5s/epoch)
epoch  20  loss 32.697  val E MAE 4.608  F MAE 18.752  (0.5s/epoch)
epoch  25  loss 27.849  val E MAE 4.318  F MAE 18.409  (0.5s/epoch)
epoch  30  loss 29.905  val E MAE 4.099  F MAE 18.171  (0.5s/epoch)
epoch  35  loss 31.155  val E MAE 4.303  F MAE 18.118  (0.5s/epoch)
epoch  40  loss 30.736  val E MAE 3.870  F MAE 18.018  (0.5s/epoch)
epoch  45  loss 27.763  val E MAE 4.059  F MAE 16.262  (0.5s/epoch)
epoch  50  loss 24.385  val E MAE 5.129  F MAE 14.077  (0.5s/epoch)
epoch  55  loss 20.818  val E MAE 3.935  F MAE 12.980  (0.5s/epoch)
epoch  60  loss 20.838  val E MAE 3.726  F MAE 12.432  (0.5s/epoch)
epoch  65  loss 21.946  val E MAE 3.786  F MAE 12.631  (0.5s/epoch)
epoch  70  loss 19.919  val E MAE 3.555  F MAE 11.847  (0.5s/epoch)
epoch  75  loss 17.501  val E MAE 3.409  F MAE 11.565  (0.5s/epoch)
epoch  80  loss 17.377  val E MAE 3.639  F MAE 11.490  (0.5s/epoch)
epoch  85  loss 17.395  val E MAE 3.420  F MAE 11.388  (0.5s/epoch)
epoch  90  loss 20.098  val E MAE 3.450  F MAE 11.424  (0.5s/epoch)
epoch  95  loss 18.331  val E MAE 3.523  F MAE 11.165  (0.5s/epoch)
epoch 100  loss 18.563  val E MAE 3.705  F MAE 11.124  (0.5s/epoch)
epoch 105  loss 17.413  val E MAE 2.980  F MAE 11.092  (0.5s/epoch)
epoch 110  loss 17.876  val E MAE 3.619  F MAE 10.991  (0.5s/epoch)
epoch 115  loss 17.181  val E MAE 3.546  F MAE 10.979  (0.5s/epoch)
epoch 120  loss 16.560  val E MAE 3.957  F MAE 10.889  (0.5s/epoch)
epoch 125  loss 20.508  val E MAE 2.830  F MAE 10.992  (0.5s/epoch)
epoch 130  loss 16.991  val E MAE 3.298  F MAE 10.843  (0.5s/epoch)
epoch 135  loss 17.785  val E MAE 3.649  F MAE 10.884  (0.5s/epoch)
epoch 140  loss 18.545  val E MAE 2.891  F MAE 10.851  (0.5s/epoch)
epoch 145  loss 17.358  val E MAE 3.219  F MAE 10.784  (0.5s/epoch)
epoch 150  loss 18.347  val E MAE 3.050  F MAE 10.804  (0.5s/epoch)
epoch 155  loss 16.347  val E MAE 2.889  F MAE 10.820  (0.5s/epoch)
epoch 160  loss 16.212  val E MAE 3.327  F MAE 10.749  (0.5s/epoch)
epoch 165  loss 15.458  val E MAE 2.900  F MAE 10.811  (0.5s/epoch)
epoch 170  loss 16.916  val E MAE 2.770  F MAE 10.754  (0.5s/epoch)
epoch 175  loss 17.142  val E MAE 2.703  F MAE 10.707  (0.5s/epoch)
epoch 180  loss 18.924  val E MAE 2.777  F MAE 10.789  (0.5s/epoch)
epoch 185  loss 19.124  val E MAE 3.492  F MAE 10.663  (0.5s/epoch)
epoch 190  loss 14.866  val E MAE 2.919  F MAE 10.737  (0.5s/epoch)
epoch 195  loss 17.798  val E MAE 2.666  F MAE 10.718  (0.5s/epoch)
epoch 200  loss 18.812  val E MAE 2.767  F MAE 10.682  (0.5s/epoch)
epoch 205  loss 15.038  val E MAE 2.691  F MAE 10.628  (0.5s/epoch)
epoch 210  loss 18.007  val E MAE 2.907  F MAE 10.656  (0.6s/epoch)
epoch 215  loss 14.403  val E MAE 2.696  F MAE 10.610  (0.5s/epoch)
epoch 220  loss 15.202  val E MAE 2.569  F MAE 10.588  (0.5s/epoch)
epoch 225  loss 16.034  val E MAE 2.645  F MAE 10.653  (0.5s/epoch)
epoch 230  loss 16.721  val E MAE 2.859  F MAE 10.677  (0.5s/epoch)
epoch 235  loss 17.749  val E MAE 2.537  F MAE 10.600  (0.5s/epoch)
epoch 240  loss 16.755  val E MAE 2.849  F MAE 10.626  (0.5s/epoch)
epoch 245  loss 17.075  val E MAE 2.644  F MAE 10.590  (0.5s/epoch)
epoch 250  loss 16.075  val E MAE 2.624  F MAE 10.554  (0.5s/epoch)
epoch 255  loss 15.083  val E MAE 2.573  F MAE 10.565  (0.5s/epoch)
epoch 260  loss 16.466  val E MAE 2.577  F MAE 10.583  (0.5s/epoch)
epoch 265  loss 15.698  val E MAE 2.658  F MAE 10.593  (0.5s/epoch)
epoch 270  loss 15.099  val E MAE 2.642  F MAE 10.592  (0.5s/epoch)
epoch 275  loss 14.806  val E MAE 2.660  F MAE 10.573  (0.5s/epoch)
epoch 280  loss 17.588  val E MAE 2.617  F MAE 10.569  (0.5s/epoch)
epoch 285  loss 15.785  val E MAE 2.631  F MAE 10.534  (0.5s/epoch)
epoch 290  loss 14.468  val E MAE 2.587  F MAE 10.544  (0.5s/epoch)
epoch 295  loss 16.362  val E MAE 2.673  F MAE 10.556  (0.5s/epoch)
epoch 300  loss 15.669  val E MAE 2.604  F MAE 10.583  (0.5s/epoch)
epoch 305  loss 15.202  val E MAE 2.530  F MAE 10.541  (0.5s/epoch)
epoch 310  loss 15.464  val E MAE 2.643  F MAE 10.525  (0.5s/epoch)
epoch 315  loss 14.527  val E MAE 2.551  F MAE 10.561  (0.5s/epoch)
epoch 320  loss 15.541  val E MAE 2.517  F MAE 10.522  (0.5s/epoch)
epoch 325  loss 16.314  val E MAE 2.660  F MAE 10.545  (0.5s/epoch)
epoch 330  loss 15.595  val E MAE 2.535  F MAE 10.538  (0.5s/epoch)
epoch 335  loss 14.752  val E MAE 2.522  F MAE 10.551  (0.5s/epoch)
epoch 340  loss 16.042  val E MAE 2.544  F MAE 10.543  (0.5s/epoch)
epoch 345  loss 15.026  val E MAE 2.507  F MAE 10.538  (0.5s/epoch)
epoch 350  loss 15.033  val E MAE 2.418  F MAE 10.536  (0.5s/epoch)
epoch 355  loss 14.342  val E MAE 2.579  F MAE 10.527  (0.5s/epoch)
epoch 360  loss 15.479  val E MAE 2.573  F MAE 10.530  (0.5s/epoch)
epoch 365  loss 15.444  val E MAE 2.497  F MAE 10.513  (0.5s/epoch)
epoch 370  loss 18.254  val E MAE 2.493  F MAE 10.512  (0.5s/epoch)
epoch 375  loss 15.626  val E MAE 2.553  F MAE 10.539  (0.5s/epoch)
epoch 380  loss 14.848  val E MAE 2.505  F MAE 10.542  (0.5s/epoch)
epoch 385  loss 15.886  val E MAE 2.538  F MAE 10.532  (0.5s/epoch)
epoch 390  loss 14.577  val E MAE 2.550  F MAE 10.525  (0.5s/epoch)
epoch 395  loss 15.228  val E MAE 2.590  F MAE 10.523  (0.5s/epoch)
epoch 400  loss 14.534  val E MAE 2.539  F MAE 10.526  (0.5s/epoch)
epoch 405  loss 13.917  val E MAE 2.604  F MAE 10.522  (0.5s/epoch)
epoch 410  loss 14.075  val E MAE 2.546  F MAE 10.519  (0.5s/epoch)
epoch 415  loss 16.243  val E MAE 2.557  F MAE 10.527  (0.5s/epoch)
epoch 420  loss 14.893  val E MAE 2.502  F MAE 10.525  (0.5s/epoch)
epoch 425  loss 14.303  val E MAE 2.512  F MAE 10.521  (0.5s/epoch)
epoch 430  loss 16.990  val E MAE 2.505  F MAE 10.542  (0.5s/epoch)
epoch 435  loss 14.148  val E MAE 2.526  F MAE 10.517  (0.5s/epoch)
epoch 440  loss 15.516  val E MAE 2.500  F MAE 10.520  (0.5s/epoch)
epoch 445  loss 14.633  val E MAE 2.517  F MAE 10.536  (0.5s/epoch)
epoch 450  loss 15.351  val E MAE 2.461  F MAE 10.525  (0.5s/epoch)
epoch 455  loss 16.106  val E MAE 2.534  F MAE 10.522  (0.5s/epoch)
epoch 460  loss 15.002  val E MAE 2.463  F MAE 10.513  (0.5s/epoch)
epoch 465  loss 14.085  val E MAE 2.447  F MAE 10.526  (0.5s/epoch)
epoch 470  loss 14.597  val E MAE 2.524  F MAE 10.528  (0.5s/epoch)
epoch 475  loss 16.246  val E MAE 2.502  F MAE 10.523  (0.5s/epoch)
epoch 480  loss 16.037  val E MAE 2.539  F MAE 10.525  (0.5s/epoch)
epoch 485  loss 16.021  val E MAE 2.504  F MAE 10.524  (0.5s/epoch)
epoch 490  loss 15.745  val E MAE 2.474  F MAE 10.525  (0.5s/epoch)
epoch 495  loss 14.863  val E MAE 2.566  F MAE 10.524  (0.5s/epoch)
epoch 500  loss 13.382  val E MAE 2.551  F MAE 10.516  (0.5s/epoch)

same weights, different inference frames (E MAE, F MAE, |dE| under random E(3) move):
  none   14.225  12.462  3.5e+01
  sfa    2.514  10.520  6.7e+00
  canon  2.601  10.531  1.3e-04
  full   2.148  10.135  1.2e-04
