official FAENet: 5.78M params, 10 steps/epoch, warmup 250 steps
epoch   5  loss 665.433  val E MAE 4.818  F MAE 20.827  lr 4.0e-05  (16.7s/epoch)
epoch  10  loss 638.655  val E MAE 4.845  F MAE 20.811  lr 8.0e-05  (16.4s/epoch)
epoch  15  loss 668.746  val E MAE 4.718  F MAE 20.718  lr 1.2e-04  (16.7s/epoch)
epoch  20  loss 672.288  val E MAE 4.713  F MAE 19.961  lr 1.6e-04  (16.8s/epoch)
epoch  25  loss 675.230  val E MAE 4.650  F MAE 19.229  lr 2.0e-04  (16.9s/epoch)
epoch  30  loss 635.914  val E MAE 4.475  F MAE 18.187  lr 2.0e-04  (38.9s/epoch)
epoch  35  loss 548.707  val E MAE 4.543  F MAE 16.085  lr 2.0e-04  (40.9s/epoch)
epoch  40  loss 507.402  val E MAE 4.471  F MAE 14.293  lr 2.0e-04  (41.2s/epoch)
epoch  45  loss 476.456  val E MAE 4.364  F MAE 13.230  lr 2.0e-04  (40.6s/epoch)
epoch  50  loss 460.243  val E MAE 4.279  F MAE 12.346  lr 2.0e-04  (40.3s/epoch)
epoch  55  loss 418.689  val E MAE 4.223  F MAE 11.651  lr 2.0e-04  (40.0s/epoch)
resumed from runs/official_1k_ep59.pt at epoch 59
official FAENet: 5.78M params, 10 steps/epoch, warmup 250 steps
epoch  60  loss 408.774  val E MAE 4.175  F MAE 10.851  lr 2.0e-04  (8.9s/epoch)
epoch  65  loss 399.581  val E MAE 4.119  F MAE 9.989  lr 2.0e-04  (4.4s/epoch)
epoch  70  loss 355.392  val E MAE 4.048  F MAE 8.948  lr 2.0e-04  (4.5s/epoch)
epoch  75  loss 339.291  val E MAE 3.992  F MAE 8.036  lr 2.0e-04  (4.5s/epoch)
epoch  80  loss 300.165  val E MAE 3.889  F MAE 7.288  lr 2.0e-04  (4.5s/epoch)
epoch  85  loss 313.123  val E MAE 3.775  F MAE 6.641  lr 2.0e-04  (4.5s/epoch)
epoch  90  loss 276.653  val E MAE 3.709  F MAE 6.278  lr 2.0e-04  (4.5s/epoch)
epoch  95  loss 270.350  val E MAE 3.679  F MAE 6.016  lr 2.0e-04  (4.4s/epoch)
epoch 100  loss 259.653  val E MAE 3.640  F MAE 5.625  lr 2.0e-04  (4.7s/epoch)
epoch 105  loss 246.087  val E MAE 3.608  F MAE 5.250  lr 2.0e-04  (4.4s/epoch)
epoch 110  loss 234.606  val E MAE 3.590  F MAE 5.554  lr 2.0e-04  (4.6s/epoch)
epoch 115  loss 245.989  val E MAE 3.465  F MAE 5.017  lr 2.0e-04  (4.5s/epoch)
epoch 120  loss 235.066  val E MAE 3.482  F MAE 4.927  lr 2.0e-04  (4.4s/epoch)
epoch 125  loss 222.541  val E MAE 3.492  F MAE 4.884  lr 2.0e-04  (4.5s/epoch)
epoch 130  loss 222.972  val E MAE 3.335  F MAE 4.748  lr 2.0e-04  (4.5s/epoch)
epoch 135  loss 226.471  val E MAE 3.292  F MAE 4.629  lr 2.0e-04  (4.6s/epoch)
epoch 140  loss 218.513  val E MAE 3.244  F MAE 4.550  lr 2.0e-04  (4.6s/epoch)
epoch 145  loss 203.508  val E MAE 3.490  F MAE 4.430  lr 2.0e-04  (4.4s/epoch)
epoch 150  loss 215.619  val E MAE 3.188  F MAE 4.406  lr 2.0e-04  (4.6s/epoch)
epoch 155  loss 196.923  val E MAE 3.264  F MAE 4.235  lr 2.0e-04  (4.5s/epoch)
epoch 160  loss 207.211  val E MAE 3.137  F MAE 4.080  lr 2.0e-04  (41.9s/epoch)
epoch 165  loss 194.476  val E MAE 3.220  F MAE 4.063  lr 2.0e-04  (41.6s/epoch)
epoch 170  loss 199.320  val E MAE 3.073  F MAE 4.101  lr 2.0e-04  (4.4s/epoch)
epoch 175  loss 210.354  val E MAE 3.044  F MAE 4.058  lr 2.0e-04  (4.4s/epoch)
epoch 180  loss 191.104  val E MAE 3.297  F MAE 4.042  lr 2.0e-04  (4.5s/epoch)
epoch 185  loss 184.089  val E MAE 2.940  F MAE 3.882  lr 2.0e-04  (4.5s/epoch)
epoch 190  loss 192.912  val E MAE 2.923  F MAE 3.754  lr 2.0e-04  (4.6s/epoch)
epoch 195  loss 196.382  val E MAE 2.963  F MAE 3.845  lr 2.0e-04  (4.4s/epoch)
epoch 200  loss 175.592  val E MAE 2.833  F MAE 3.617  lr 2.0e-04  (4.7s/epoch)
epoch 205  loss 175.645  val E MAE 2.820  F MAE 3.532  lr 2.0e-04  (4.5s/epoch)
epoch 210  loss 186.581  val E MAE 2.845  F MAE 3.706  lr 2.0e-04  (4.6s/epoch)
epoch 215  loss 184.139  val E MAE 2.761  F MAE 3.518  lr 2.0e-04  (4.5s/epoch)
epoch 220  loss 185.826  val E MAE 2.985  F MAE 3.558  lr 2.0e-04  (4.5s/epoch)
epoch 225  loss 176.424  val E MAE 2.760  F MAE 3.413  lr 2.0e-04  (4.6s/epoch)
epoch 230  loss 170.754  val E MAE 2.750  F MAE 3.439  lr 2.0e-04  (4.5s/epoch)
epoch 235  loss 200.997  val E MAE 2.818  F MAE 3.684  lr 2.0e-04  (28.1s/epoch)
epoch 240  loss 173.427  val E MAE 2.629  F MAE 3.540  lr 2.0e-04  (41.9s/epoch)
epoch 245  loss 182.301  val E MAE 2.839  F MAE 3.374  lr 2.0e-04  (4.4s/epoch)
epoch 250  loss 164.426  val E MAE 2.820  F MAE 3.303  lr 2.0e-04  (4.4s/epoch)
epoch 255  loss 176.227  val E MAE 2.741  F MAE 3.450  lr 2.0e-04  (4.4s/epoch)
epoch 260  loss 165.728  val E MAE 2.680  F MAE 3.321  lr 2.0e-04  (4.6s/epoch)
epoch 265  loss 178.685  val E MAE 2.666  F MAE 3.188  lr 2.0e-04  (4.5s/epoch)
epoch 270  loss 166.004  val E MAE 2.576  F MAE 3.336  lr 2.0e-04  (4.5s/epoch)
epoch 275  loss 152.279  val E MAE 2.522  F MAE 3.061  lr 1.0e-04  (4.6s/epoch)
epoch 280  loss 164.177  val E MAE 2.760  F MAE 3.018  lr 1.0e-04  (4.7s/epoch)
epoch 285  loss 154.797  val E MAE 2.675  F MAE 2.976  lr 1.0e-04  (4.7s/epoch)
epoch 290  loss 167.276  val E MAE 2.605  F MAE 3.100  lr 1.0e-04  (4.6s/epoch)
epoch 295  loss 164.515  val E MAE 2.497  F MAE 2.987  lr 1.0e-04  (4.5s/epoch)
epoch 300  loss 152.061  val E MAE 2.842  F MAE 2.862  lr 1.0e-04  (32.5s/epoch)
epoch 305  loss 147.112  val E MAE 2.461  F MAE 2.841  lr 1.0e-04  (4.6s/epoch)
epoch 310  loss 171.470  val E MAE 2.473  F MAE 2.975  lr 1.0e-04  (4.7s/epoch)
epoch 315  loss 143.337  val E MAE 2.562  F MAE 2.820  lr 1.0e-04  (4.6s/epoch)
epoch 320  loss 155.960  val E MAE 2.410  F MAE 2.750  lr 5.0e-05  (4.4s/epoch)
epoch 325  loss 142.643  val E MAE 2.410  F MAE 2.696  lr 5.0e-05  (4.6s/epoch)
epoch 330  loss 146.105  val E MAE 2.430  F MAE 2.730  lr 5.0e-05  (4.5s/epoch)
epoch 335  loss 141.903  val E MAE 2.457  F MAE 2.714  lr 5.0e-05  (4.5s/epoch)
epoch 340  loss 160.825  val E MAE 2.386  F MAE 2.698  lr 5.0e-05  (4.6s/epoch)
epoch 345  loss 140.679  val E MAE 2.377  F MAE 2.734  lr 5.0e-05  (4.6s/epoch)
epoch 350  loss 140.098  val E MAE 2.408  F MAE 2.669  lr 5.0e-05  (4.5s/epoch)
epoch 355  loss 139.788  val E MAE 2.351  F MAE 2.685  lr 5.0e-05  (4.6s/epoch)
epoch 360  loss 138.543  val E MAE 2.412  F MAE 2.620  lr 5.0e-05  (4.4s/epoch)
epoch 365  loss 146.521  val E MAE 2.409  F MAE 2.668  lr 5.0e-05  (4.6s/epoch)
epoch 370  loss 138.219  val E MAE 2.366  F MAE 2.601  lr 5.0e-05  (4.5s/epoch)
epoch 375  loss 145.890  val E MAE 2.417  F MAE 2.691  lr 5.0e-05  (4.7s/epoch)
epoch 380  loss 143.654  val E MAE 2.288  F MAE 2.647  lr 5.0e-05  (4.4s/epoch)
epoch 385  loss 139.216  val E MAE 2.413  F MAE 2.610  lr 5.0e-05  (4.7s/epoch)
epoch 390  loss 138.717  val E MAE 2.390  F MAE 2.603  lr 5.0e-05  (4.5s/epoch)
epoch 395  loss 128.509  val E MAE 2.306  F MAE 2.615  lr 5.0e-05  (4.6s/epoch)
epoch 400  loss 133.648  val E MAE 2.277  F MAE 2.613  lr 2.5e-05  (4.7s/epoch)
epoch 405  loss 136.643  val E MAE 2.312  F MAE 2.519  lr 2.5e-05  (4.5s/epoch)
epoch 410  loss 153.455  val E MAE 2.366  F MAE 2.554  lr 2.5e-05  (4.5s/epoch)
epoch 415  loss 132.111  val E MAE 2.351  F MAE 2.547  lr 2.5e-05  (4.5s/epoch)
epoch 420  loss 145.714  val E MAE 2.324  F MAE 2.525  lr 1.3e-05  (4.6s/epoch)
epoch 425  loss 140.164  val E MAE 2.352  F MAE 2.510  lr 1.3e-05  (4.5s/epoch)
epoch 430  loss 129.882  val E MAE 2.323  F MAE 2.462  lr 1.3e-05  (4.6s/epoch)
epoch 435  loss 135.459  val E MAE 2.323  F MAE 2.476  lr 1.3e-05  (4.6s/epoch)
epoch 440  loss 125.750  val E MAE 2.318  F MAE 2.465  lr 1.3e-05  (4.5s/epoch)
epoch 445  loss 139.068  val E MAE 2.273  F MAE 2.472  lr 1.3e-05  (4.6s/epoch)
epoch 450  loss 130.378  val E MAE 2.277  F MAE 2.479  lr 1.3e-05  (4.5s/epoch)
epoch 455  loss 128.208  val E MAE 2.241  F MAE 2.489  lr 1.3e-05  (4.5s/epoch)
epoch 460  loss 135.764  val E MAE 2.301  F MAE 2.482  lr 6.3e-06  (4.5s/epoch)
epoch 465  loss 126.855  val E MAE 2.206  F MAE 2.436  lr 6.3e-06  (4.6s/epoch)
epoch 470  loss 139.008  val E MAE 2.342  F MAE 2.462  lr 6.3e-06  (4.5s/epoch)
epoch 475  loss 124.677  val E MAE 2.241  F MAE 2.437  lr 6.3e-06  (4.6s/epoch)
epoch 480  loss 127.844  val E MAE 2.268  F MAE 2.437  lr 3.1e-06  (4.5s/epoch)
epoch 485  loss 127.932  val E MAE 2.295  F MAE 2.446  lr 3.1e-06  (4.6s/epoch)
epoch 490  loss 138.860  val E MAE 2.325  F MAE 2.436  lr 3.1e-06  (4.4s/epoch)
epoch 495  loss 128.950  val E MAE 2.286  F MAE 2.439  lr 3.1e-06  (4.6s/epoch)
epoch 500  loss 126.383  val E MAE 2.288  F MAE 2.436  lr 3.1e-06  (4.4s/epoch)

same weights, different inference frames (E MAE, F MAE):
  sfa    2.312  2.442
  full   2.428  2.658
  det    2.552  2.803
