device: cuda
baseline (predict mean) energy MAE: 4.723
epoch   5  loss 24.399  val E MAE 4.405  F MAE 14.203  (2.0s/epoch)
epoch  10  loss 10.105  val E MAE 4.872  F MAE 4.817  (2.0s/epoch)
epoch  15  loss 5.563  val E MAE 3.186  F MAE 3.463  (2.0s/epoch)
epoch  20  loss 5.994  val E MAE 2.473  F MAE 3.015  (2.0s/epoch)
epoch  25  loss 3.944  val E MAE 2.459  F MAE 2.720  (2.0s/epoch)
epoch  30  loss 3.548  val E MAE 2.263  F MAE 2.374  (2.0s/epoch)
epoch  35  loss 3.693  val E MAE 2.263  F MAE 2.324  (2.0s/epoch)
epoch  40  loss 2.910  val E MAE 1.940  F MAE 2.145  (2.0s/epoch)
epoch  45  loss 2.910  val E MAE 1.873  F MAE 2.044  (2.0s/epoch)
epoch  50  loss 2.939  val E MAE 1.803  F MAE 1.924  (2.0s/epoch)
epoch  55  loss 2.952  val E MAE 1.711  F MAE 2.008  (2.0s/epoch)
epoch  60  loss 2.963  val E MAE 2.053  F MAE 1.884  (2.0s/epoch)
epoch  65  loss 2.553  val E MAE 1.997  F MAE 1.713  (2.0s/epoch)
epoch  70  loss 2.673  val E MAE 1.643  F MAE 1.689  (2.0s/epoch)
epoch  75  loss 2.364  val E MAE 1.565  F MAE 1.799  (2.0s/epoch)
epoch  80  loss 2.485  val E MAE 1.625  F MAE 1.572  (2.0s/epoch)
epoch  85  loss 2.429  val E MAE 1.854  F MAE 1.723  (2.0s/epoch)
epoch  90  loss 2.227  val E MAE 1.426  F MAE 1.586  (2.0s/epoch)
epoch  95  loss 2.157  val E MAE 2.031  F MAE 1.445  (2.0s/epoch)
epoch 100  loss 2.006  val E MAE 1.390  F MAE 1.521  (2.0s/epoch)
epoch 105  loss 2.247  val E MAE 1.376  F MAE 1.393  (2.0s/epoch)
epoch 110  loss 2.057  val E MAE 1.371  F MAE 1.438  (2.0s/epoch)
epoch 115  loss 1.899  val E MAE 1.363  F MAE 1.374  (2.0s/epoch)
epoch 120  loss 1.891  val E MAE 1.436  F MAE 1.347  (2.0s/epoch)
epoch 125  loss 1.973  val E MAE 1.334  F MAE 1.361  (2.0s/epoch)
epoch 130  loss 1.607  val E MAE 1.338  F MAE 1.354  (2.0s/epoch)
epoch 135  loss 1.598  val E MAE 1.305  F MAE 1.312  (2.0s/epoch)
epoch 140  loss 1.595  val E MAE 1.246  F MAE 1.240  (2.0s/epoch)
epoch 145  loss 1.581  val E MAE 1.260  F MAE 1.213  (2.0s/epoch)
epoch 150  loss 1.582  val E MAE 1.297  F MAE 1.213  (2.0s/epoch)
epoch 155  loss 1.358  val E MAE 1.235  F MAE 1.131  (2.0s/epoch)
epoch 160  loss 1.430  val E MAE 1.240  F MAE 1.121  (2.0s/epoch)
epoch 165  loss 1.309  val E MAE 1.245  F MAE 1.124  (2.0s/epoch)
epoch 170  loss 1.288  val E MAE 1.244  F MAE 1.105  (2.0s/epoch)
epoch 175  loss 1.268  val E MAE 1.235  F MAE 1.073  (2.0s/epoch)
epoch 180  loss 1.171  val E MAE 1.194  F MAE 1.021  (2.0s/epoch)
epoch 185  loss 1.124  val E MAE 1.189  F MAE 1.014  (2.0s/epoch)
epoch 190  loss 1.020  val E MAE 1.188  F MAE 1.008  (2.0s/epoch)
epoch 195  loss 1.204  val E MAE 1.193  F MAE 1.024  (2.0s/epoch)
epoch 200  loss 1.011  val E MAE 1.150  F MAE 0.973  (2.0s/epoch)
epoch 205  loss 0.965  val E MAE 1.219  F MAE 0.957  (2.0s/epoch)
epoch 210  loss 0.946  val E MAE 1.153  F MAE 0.957  (2.0s/epoch)
epoch 215  loss 1.009  val E MAE 1.161  F MAE 0.945  (2.0s/epoch)
epoch 220  loss 0.884  val E MAE 1.151  F MAE 0.935  (2.0s/epoch)
epoch 225  loss 0.914  val E MAE 1.145  F MAE 0.921  (2.0s/epoch)
epoch 230  loss 0.935  val E MAE 1.140  F MAE 0.919  (2.0s/epoch)
epoch 235  loss 0.824  val E MAE 1.144  F MAE 0.909  (2.0s/epoch)
epoch 240  loss 0.804  val E MAE 1.135  F MAE 0.906  (2.0s/epoch)
epoch 245  loss 0.854  val E MAE 1.134  F MAE 0.901  (2.0s/epoch)
epoch 250  loss 0.724  val E MAE 1.133  F MAE 0.899  (2.0s/epoch)
epoch 255  loss 0.875  val E MAE 1.131  F MAE 0.896  (2.0s/epoch)
epoch 260  loss 0.858  val E MAE 1.129  F MAE 0.894  (2.0s/epoch)
epoch 265  loss 0.734  val E MAE 1.129  F MAE 0.893  (2.0s/epoch)
epoch 270  loss 0.728  val E MAE 1.130  F MAE 0.893  (2.0s/epoch)

same weights, different inference frames (E MAE, F MAE, |dE| under random E(3) move):
  none   28.378  15.544  4.0e+01
  sfa    10.460  7.702  2.5e+01
  canon  1.130  0.893  1.5e-04
  soft   1.159  0.941  1.3e-04
Traceback (most recent call last):
  File "/home/babunambothiri/Documents/AI Project/train_lj.py", line 150, in <module>
    main()
    ~~~~^^
  File "/home/babunambothiri/Documents/AI Project/train_lj.py", line 141, in main
    eE, eF = evaluate(model, val_b, mu, sd, frame)
             ~~~~~~~~^^^^^^^^^^^^^^^^^^^^^^^^^^^^^
  File "/home/babunambothiri/Documents/AI Project/train_lj.py", line 53, in evaluate
    pE, pF = model(pos, z, batch)
             ~~~~~^^^^^^^^^^^^^^^
  File "/home/babunambothiri/Documents/AI Project/.venv/lib64/python3.14/site-packages/torch/nn/modules/module.py", line 1779, in _wrapped_call_impl
    return self._call_impl(*args, **kwargs)
           ~~~~~~~~~~~~~~~^^^^^^^^^^^^^^^^^
  File "/home/babunambothiri/Documents/AI Project/.venv/lib64/python3.14/site-packages/torch/nn/modules/module.py", line 1790, in _call_impl
    return forward_call(*args, **kwargs)
  File "/home/babunambothiri/Documents/AI Project/faenet.py", line 143, in forward
    Ep, Fp = self.phi(p, z[atom], src, dst, pair, len(gb))
             ~~~~~~~~^^^^^^^^^^^^^^^^^^^^^^^^^^^^^^^^^^^^^
  File "/home/babunambothiri/Documents/AI Project/faenet.py", line 121, in phi
    h = norm(h + upd(seg_sum(h[src] * f, dst, len(h))))
                             ~~~~~~~^~~
torch.OutOfMemoryError: CUDA out of memory. Tried to allocate 76.00 MiB. GPU 0 has a total capacity of 5.67 GiB of which 21.00 MiB is free. Process 2176072 has 256.00 MiB memory in use. Including non-PyTorch memory, this process has 5.37 GiB memory in use. Of the allocated memory 4.95 GiB is allocated by PyTorch, and 277.06 MiB is reserved by PyTorch but unallocated. If reserved but unallocated memory is large try setting PYTORCH_CUDA_ALLOC_CONF=expandable_segments:True to avoid fragmentation.  See documentation for Memory Management  (https://docs.pytorch.org/docs/stable/notes/cuda.html#optimizing-memory-usage-with-pytorch-cuda-alloc-conf)
